   apple pie · PR #482 · ready to ship             nothing is committed or posted until the last card
   ──────────────────────────────────────────────────────────────────────────────────────────────────

   2 fixs approved

   b.kt:2   reply to maria
   a.kt:1   reply to bob

   ──────────────────────────────────────────────────────────────────────────────────────────────────

   ╭────────────────────────────────────────────────────────────────────────────────────────────────╮
   │  SHIP IT                                               verify · commit · push · post 2 replys  │
   ╰────────────────────────────────────────────────────────────────────────────────────────────────╯
     Go back and re-check           start again at fix 1                                             

   ──────────────────────────────────────────────────────────────────────────────────────────────────
   ↑↓ move   enter choose   ←→ other fixes   esc dashboard





















   ──────────────────────────────────────────────────────────────────────────────────────────────────
