      A P P L E   P I E   dashboard                                                                                       ○ daemon stopped · 12:01
      5 tickets · 1 needs you · 1 running
      ────────────────────────────────────────────────────────────────────────────────────────────────────────────────────────────────────────────

        Start new ticket(s)             from Jira, or a description you type                                                                      
      ▸ Checkout a branch               check out an existing branch into a pie worktree                                                          
        Edit config                     allowlist, repo, branch                                                                                   
        Edit models                     which Claude model runs each stage                                                                        

      N E E D S   Y O U · 1
        PIE-14                     Review pull request                                                                                          4h

      R U N N I N G · 1
        PIE-12                     Create a new text hello world                                                                 working        3h

      P R   R E A D Y   F O R   R E V I E W · 1
        …LO-WORLD-TO-MAIN-ACTIVITY Add what's up man text below hello world text                                                                2h

      ▸ C L O S E D · 1                                                                                                                           

      ▸ S T O P P E D · 1                                                                                                                         

      enter opens this command









      ────────────────────────────────────────────────────────────────────────────────────────────────────────────────────────────────────────────
      ↑↓ move   enter menu   esc quit                                                                                                   : commands