  A P P L E   P I E   dashboard                       ○ daemon stopped · 12:01
  5 tickets · 1 needs you · 1 running
  ────────────────────────────────────────────────────────────────────────────

    Start new ticket(s)             from Jira, or a description you type      
    Checkout a branch               check out an existing branch into a pie w…
    Edit config                     allowlist, repo, branch                   
    Edit models                     which Claude model runs each stage        

  N E E D S   Y O U · 1
  ▸ PIE-14             Review pull request                                  4h

  R U N N I N G · 1
    PIE-12             Create a new text hello world                        3h

  P R   R E A D Y   F O R   R E V I E W · 1
    …-TO-MAIN-ACTIVITY Add what's up man text below hello world text        2h

  ▸ C L O S E D · 1                                                           

  ▸ S T O P P E D · 1                                                         

  PIE-14 · Review the PR                                                      
  ┆ Needs you - the agent got stuck (see the log below).
  ┆ Use the actions menu to open the project or run it again.

  L A S T   O U T P U T
  ┆ (no log output yet)




  ────────────────────────────────────────────────────────────────────────────
  ↑↓ move   enter menu   esc quit                                   : commands