      A P P L E   P I E   actions                                                                                                            12:01
      PIE-14 — Review pull request
      ────────────────────────────────────────────────────────────────────────────────────────────────────────────────────────────────────────────

        Run again (fresh)              no worktree left - start this ticket from scratch                                                          
        Stop & clean up                kill the process and remove the worktree                                                                   
      ────────────────────────────────────────────────────────────
      ▸ Close                          esc                                                                                                        
























      ────────────────────────────────────────────────────────────────────────────────────────────────────────────────────────────────────────────
      ↑↓ select   enter choose   esc close